*------------------------------------------------------------*
User:                u59397328
Date:                February 15, 2022
Time:                15:35:42
*------------------------------------------------------------*
* Training Output
*------------------------------------------------------------*
 
 
 
 
Variable Summary
 
          Measurement    Frequency
 Role        Level         Count
 
INPUT      BINARY             5
INPUT      INTERVAL          14
INPUT      NOMINAL            1
TARGET     BINARY             1
 
 
 
Class Variables
 
Obs    NAME              LEVEL      CODE     FREQUENCY    TYPE    CRAW    NRAW    FREQPERCENT    NMISSPERCENT
 
  1    Dropped_course      0           0          2464     C       0        .       93.8309         93.8309
  2    Dropped_course      1           1           148     C       1        .        5.6359          5.6359
  3    Dropped_course      2           3            10     C       2        .        0.3808          0.3808
  4    Dropped_course      4           4             1     C       4        .        0.0381          0.0381
  5    Dropped_course      5           2             2     C       5        .        0.0762          0.0762
  6    Dropped_course      6           5             1     C       6        .        0.0381          0.0381
  7    GENDER              F           0          1582     C       F        .       60.2437         60.2437
  8    GENDER              M           1          1044     C       M        .       39.7563         39.7563
  9    Instate             0           1           484     C       0        .       18.4311         18.4311
 10    Instate             1           0          2142     C       1        .       81.5689         81.5689
 11    Legacynum           0           0          1808     C       0        .       68.8500         68.8500
 12    Legacynum           1           1           818     C       1        .       31.1500         31.1500
 13    Stu_worker_ind      0           0          2311     C       0        .       88.0046         88.0046
 14    Stu_worker_ind      1           1           315     C       1        .       11.9954         11.9954
 15    Target              1           1           334     C       1        .       12.7190         12.7190
 16    Target              0           0          2292     C       0        .       87.2810         87.2810
 17    Transcrip           0           0          1144     C       0        .       43.5644         43.5644
 18    Transcrip           1           1          1482     C       1        .       56.4356         56.4356
 
 
 
Interval Variables
 
Obs    NAME                          NMISS            N         MIN          MAX        MEAN         STD    SKEWNESS    KURTOSIS
 
  1    AGE                               0         2626       16.86        39.43       18.55        0.58     17.5090     619.559
  2    Att_hrs_fall                      0         2626        3.00        19.00       14.61        1.39     -0.7719       2.502
  3    Att_hrs_spr                       0         2626        4.00        20.00       14.87        1.63     -0.3638       0.415
  4    Avg_income                      157         2469    14126.00    200001.00    58521.58    23475.95      0.8538       0.858
  5    Distance                         98         2528        0.79      3882.19      260.16      343.95      3.7484      23.058
  6    Dorm_rate                         0         2626        0.60         0.88        0.84        0.02     -1.8509       9.311
  7    Extra_curr                        0         2626        0.00         4.00        0.33        0.61      2.1891       6.097
  8    Fall_GPA                          0         2626        0.00         4.00        2.95        0.81     -0.9940       0.842
  9    HIGH_SCHOOL_PERCENTILE          263         2363        0.60       100.00       79.09       19.43     -1.1748       0.821
 10    Hs_rate                         805         1821        0.50         6.00        0.84        0.14     25.5807     928.308
 11    Major_rate                       79         2547        0.75         0.94        0.84        0.02      1.1694       4.452
 12    Need_pct_met                      0         2626        0.00         1.00        0.92        0.25     -3.1745       8.723
 13    Perc_hrs_comp_fall                0         2626        0.00         2.43        0.94        0.16     -2.7543      14.584
 14    SAT                               0         2626      750.00      1600.00     1178.31      133.07      0.1535      -0.188


*------------------------------------------------------------*
* Score Output
*------------------------------------------------------------*


*------------------------------------------------------------*
* Report Output
*------------------------------------------------------------*
