*------------------------------------------------------------*
User:                u59397328
Date:                February 15, 2022
Time:                15:18:25
*------------------------------------------------------------*
* Training Output
*------------------------------------------------------------*
 
 
 
 
Variable Summary
 
          Measurement    Frequency
 Role        Level         Count
 
INPUT      BINARY             5
INPUT      INTERVAL          14
INPUT      NOMINAL            1
TARGET     BINARY             1
 
 
 
Variable Levels Summary
(maximum 500 observations printed)
 
                      Frequency
Variable     Role       Count
 
 Target     TARGET        2
 
 
 
Class Variable Summary Statistics
(maximum 500 observations printed)
 
Data Role=TRAIN
 
                                     Number
Data                                   of                            Mode                  Mode2
Role     Variable Name      Role     Levels    Missing    Mode    Percentage    Mode2    Percentage
 
TRAIN    Dropped_course    INPUT        6         0        0        93.83         1         5.64
TRAIN    GENDER            INPUT        2         0        F        60.24         M        39.76
TRAIN    Instate           INPUT        2         0        1        81.57         0        18.43
TRAIN    Legacynum         INPUT        2         0        0        68.85         1        31.15
TRAIN    Stu_worker_ind    INPUT        2         0        0        88.00         1        12.00
TRAIN    Transcrip         INPUT        2         0        1        56.44         0        43.56
TRAIN    Target            TARGET       2         0        0        87.28         1        12.72
 
 
 
Distribution of Class Target and Segment Variables
(maximum 500 observations printed)
 
Data Role=TRAIN
 
Data     Variable                        Frequency
Role       Name       Role     Level         Count    Percent
 
TRAIN     Target     TARGET      0            2292    87.2810
TRAIN     Target     TARGET      1             334    12.7190
 
 
 
Interval Variable Summary Statistics
(maximum 500 observations printed)
 
Data Role=TRAIN
 
                                               Standard          Non
Variable                  Role         Mean    Deviation     Missing     Missing     Minimum      Median     Maximum    Skewness    Kurtosis
 
AGE                       INPUT    18.55367    0.584676         2626           0    16.85969    18.54346    39.43053    17.50904     619.559
Att_hrs_fall              INPUT    14.61272    1.389914         2626           0           3          15          19    -0.77191    2.502027
Att_hrs_spr               INPUT    14.86596    1.625372         2626           0           4          15          20    -0.36375    0.414561
Avg_income                INPUT    58521.58    23475.95         2469         157       14126       54000      200001    0.853792     0.85756
Distance                  INPUT    260.1557    343.9516         2528          98    0.785832    147.8862    3882.192    3.748368    23.05816
Dorm_rate                 INPUT    0.836195    0.022936         2626           0         0.6    0.845717    0.878319    -1.85093    9.311383
Extra_curr                INPUT    0.327494    0.609873         2626           0           0           0           4    2.189099    6.096882
Fall_GPA                  INPUT    2.946933    0.811767         2626           0           0         3.1           4    -0.99401    0.842477
HIGH_SCHOOL_PERCENTILE    INPUT    79.09107    19.43468         2363         263         0.6          86         100    -1.17481    0.821318
Hs_rate                   INPUT    0.836606    0.143239         1821         805         0.5    0.843023           6    25.58073    928.3077
Major_rate                INPUT    0.836452    0.021735         2547          79        0.75    0.831511    0.935484    1.169446    4.451965
Need_pct_met              INPUT    0.917301    0.245779         2626           0           0           1           1    -3.17454    8.722515
Perc_hrs_comp_fall        INPUT    0.935889    0.158619         2626           0           0           1    2.428571    -2.75434    14.58444
SAT                       INPUT    1178.313    133.0724         2626           0         750        1180        1600    0.153506    -0.18797
 
 
 
Class Variable Summary Statistics by Class Target
(maximum 500 observations printed)
 
Data Role=TRAIN Variable Name=Dropped_course
 
                       Number
             Target      of                            Mode                  Mode2
Target       Level     Levels    Missing    Mode    Percentage    Mode2    Percentage
 
Target         0          3         0        0        94.68         1         4.93
Target         1          6         0        0        88.02         1        10.48
_OVERALL_                 6         0        0        93.83         1         5.64
 
 
Data Role=TRAIN Variable Name=GENDER
 
                       Number
             Target      of                            Mode                  Mode2
Target       Level     Levels    Missing    Mode    Percentage    Mode2    Percentage
 
Target         0          2         0        F        60.65         M        39.35
Target         1          2         0        F        57.49         M        42.51
_OVERALL_                 2         0        F        60.24         M        39.76
 
 
Data Role=TRAIN Variable Name=Instate
 
                       Number
             Target      of                            Mode                  Mode2
Target       Level     Levels    Missing    Mode    Percentage    Mode2    Percentage
 
Target         0          2         0        1        81.72         0        18.28
Target         1          2         0        1        80.54         0        19.46
_OVERALL_                 2         0        1        81.57         0        18.43
 
 
Data Role=TRAIN Variable Name=Legacynum
 
                       Number
             Target      of                            Mode                  Mode2
Target       Level     Levels    Missing    Mode    Percentage    Mode2    Percentage
 
Target         0          2         0        0        67.15         1        32.85
Target         1          2         0        0        80.54         1        19.46
_OVERALL_                 2         0        0        68.85         1        31.15
 
 
Data Role=TRAIN Variable Name=Stu_worker_ind
 
                       Number
             Target      of                            Mode                  Mode2
Target       Level     Levels    Missing    Mode    Percentage    Mode2    Percentage
 
Target         0          2         0        0        88.26         1        11.74
Target         1          2         0        0        86.23         1        13.77
_OVERALL_                 2         0        0        88.00         1        12.00
 
 
Data Role=TRAIN Variable Name=Transcrip
 
                       Number
             Target      of                            Mode                  Mode2
Target       Level     Levels    Missing    Mode    Percentage    Mode2    Percentage
 
Target         0          2         0        1        52.79         0        47.21
Target         1          2         0        1        81.44         0        18.56
_OVERALL_                 2         0        1        56.44         0        43.56
 
 
 
Interval Variable Summary Statistics by Class Target
(maximum 500 observations printed)
 
Data Role=TRAIN Variable=AGE
 
             Target                                 Non                                        Standard
Target       Level       Median     Missing     Missing     Minimum     Maximum        Mean    Deviation    Skewness    Kurtosis    Role     Label
 
Target         0       18.54346           0        2292    16.85969    39.43053    18.55503    0.598647     18.58755     645.384    INPUT     AGE
Target         1        18.5462           0         334    16.90623    21.82615    18.54432    0.478566     1.374802    8.806851    INPUT     AGE
_OVERALL_              18.54346           0        2626    16.85969    39.43053    18.55367    0.584676     17.50904     619.559    INPUT     AGE
 
 
Data Role=TRAIN Variable=Att_hrs_fall
 
             Target                                 Non                                        Standard
Target       Level       Median     Missing     Missing     Minimum     Maximum        Mean    Deviation    Skewness    Kurtosis    Role        Label
 
Target         0             15           0        2292           3          19    14.65663    1.381863     -0.85293    3.155786    INPUT    Att_hrs_fall
Target         1             15           0         334          11          17    14.31138    1.409552     -0.27413    -0.95566    INPUT    Att_hrs_fall
_OVERALL_                    15           0        2626           3          19    14.61272    1.389914     -0.77191    2.502027    INPUT    Att_hrs_fall
 
 
Data Role=TRAIN Variable=Att_hrs_spr
 
             Target                                 Non                                        Standard
Target       Level       Median     Missing     Missing     Minimum     Maximum        Mean    Deviation    Skewness    Kurtosis    Role        Label
 
Target         0             15           0        2292           4          20    14.90838    1.599154     -0.41234    0.672621    INPUT    Att_hrs_spr
Target         1             15           0         334           9          20    14.57485    1.770316     -0.03443    -0.68572    INPUT    Att_hrs_spr
_OVERALL_                    15           0        2626           4          20    14.86596    1.625372     -0.36375    0.414561    INPUT    Att_hrs_spr
 
 
Data Role=TRAIN Variable=Avg_income
 
             Target                                 Non                                        Standard
Target       Level       Median     Missing     Missing     Minimum     Maximum        Mean    Deviation    Skewness    Kurtosis    Role       Label
 
Target         0          54591         142        2150       14126      200001    58943.07    23743.14     0.870814    0.911344    INPUT    Avg_income
Target         1          51949          15         319       20147      123244    55680.86    21407.86     0.623437     -0.0971    INPUT    Avg_income
_OVERALL_                 54000         157        2469       14126      200001    58521.58    23475.95     0.853792     0.85756    INPUT    Avg_income
 
 
Data Role=TRAIN Variable=Distance
 
             Target                                 Non                                        Standard
Target       Level       Median     Missing     Missing     Minimum     Maximum        Mean    Deviation    Skewness    Kurtosis    Role      Label
 
Target         0       147.8862          91        2201    0.785832    3882.192    256.1199    330.1212     3.624018    22.25485    INPUT    Distance
Target         1       150.0847           7         327    0.785832    3814.001    287.3204    425.1224     3.882032    21.38289    INPUT    Distance
_OVERALL_              147.8862          98        2528    0.785832    3882.192    260.1557    343.9516     3.748368    23.05816    INPUT    Distance
 
 
Data Role=TRAIN Variable=Dorm_rate
 
             Target                                 Non                                        Standard
Target       Level       Median     Missing     Missing     Minimum     Maximum        Mean    Deviation    Skewness    Kurtosis    Role       Label
 
Target         0       0.846564           0        2292    0.736842    0.878319    0.837791    0.020667     -1.04135     2.77231    INPUT    Dorm_rate
Target         1        0.82125           0         334         0.6    0.878319    0.825247     0.03272     -2.59452    10.46707    INPUT    Dorm_rate
_OVERALL_              0.845717           0        2626         0.6    0.878319    0.836195    0.022936     -1.85093    9.311383    INPUT    Dorm_rate
 
 
Data Role=TRAIN Variable=Extra_curr
 
             Target                                 Non                                        Standard
Target       Level       Median     Missing     Missing     Minimum     Maximum        Mean    Deviation    Skewness    Kurtosis    Role       Label
 
Target         0              0           0        2292           0           4    0.337696    0.613618     2.117426    5.736029    INPUT    Extra_curr
Target         1              0           0         334           0           4    0.257485    0.579573     2.791627    9.621269    INPUT    Extra_curr
_OVERALL_                     0           0        2626           0           4    0.327494    0.609873     2.189099    6.096882    INPUT    Extra_curr
 
 
Data Role=TRAIN Variable=Fall_GPA
 
             Target                                 Non                                        Standard
Target       Level       Median     Missing     Missing     Minimum     Maximum        Mean    Deviation    Skewness    Kurtosis    Role      Label
 
Target         0        3.15625           0        2292           0           4    3.066241    0.690092     -0.87369    0.803338    INPUT    Fall_GPA
Target         1       2.038462           0         334           0           4    2.128214    1.071391     -0.02385    -0.93492    INPUT    Fall_GPA
_OVERALL_                   3.1           0        2626           0           4    2.946933    0.811767     -0.99401    0.842477    INPUT    Fall_GPA
 
 
Data Role=TRAIN Variable=HIGH_SCHOOL_PERCENTILE
 
             Target                                 Non                                        Standard
Target       Level       Median     Missing     Missing     Minimum     Maximum        Mean    Deviation    Skewness    Kurtosis    Role             Label
 
Target         0             87         218        2074           3         100    80.57956    18.16669     -1.19654    0.896724    INPUT    HIGH_SCHOOL_PERCENTILE
Target         1             74          45         289         0.6         100      68.409    24.32578     -0.66636     -0.5094    INPUT    HIGH_SCHOOL_PERCENTILE
_OVERALL_                    86         263        2363         0.6         100    79.09107    19.43468     -1.17481    0.821318    INPUT    HIGH_SCHOOL_PERCENTILE
 
 
Data Role=TRAIN Variable=Hs_rate
 
             Target                                 Non                                        Standard
Target       Level       Median     Missing     Missing     Minimum     Maximum        Mean    Deviation    Skewness    Kurtosis    Role      Label
 
Target         0       0.849057         743        1549      0.5625           1    0.846017    0.063231     -0.32202    1.050177    INPUT    Hs_rate
Target         1       0.795455          62         272         0.5           6    0.783015    0.334013     14.11836    221.5332    INPUT    Hs_rate
_OVERALL_              0.843023         805        1821         0.5           6    0.836606    0.143239     25.58073    928.3077    INPUT    Hs_rate
 
 
Data Role=TRAIN Variable=Major_rate
 
             Target                                 Non                                        Standard
Target       Level       Median     Missing     Missing     Minimum     Maximum        Mean    Deviation    Skewness    Kurtosis    Role       Label
 
Target         0       0.831511          71        2221        0.75    0.935484    0.836975    0.022324     1.178201    4.212648    INPUT    Major_rate
Target         1       0.831511           8         326    0.777778         0.9    0.832886    0.016784     0.476219    4.788827    INPUT    Major_rate
_OVERALL_              0.831511          79        2547        0.75    0.935484    0.836452    0.021735     1.169446    4.451965    INPUT    Major_rate
 
 
Data Role=TRAIN Variable=Need_pct_met
 
             Target                                 Non                                        Standard
Target       Level       Median     Missing     Missing     Minimum     Maximum        Mean    Deviation    Skewness    Kurtosis    Role        Label
 
Target         0              1           0        2292           0           1    0.926932    0.233047     -3.43288    10.48567    INPUT    Need_pct_met
Target         1              1           0         334           0           1    0.851206    0.312267     -2.10662    2.900739    INPUT    Need_pct_met
_OVERALL_                     1           0        2626           0           1    0.917301    0.245779     -3.17454    8.722515    INPUT    Need_pct_met
 
 
Data Role=TRAIN Variable=Perc_hrs_comp_fall
 
             Target                                 Non                                        Standard
Target       Level       Median     Missing     Missing     Minimum     Maximum        Mean    Deviation    Skewness    Kurtosis    Role           Label
 
Target         0              1           0        2292           0    2.428571    0.959607    0.112699     -2.08902    26.40001    INPUT    Perc_hrs_comp_fall
Target         1         0.8125           0         334           0        1.25    0.773134    0.283743     -1.26407    0.818382    INPUT    Perc_hrs_comp_fall
_OVERALL_                     1           0        2626           0    2.428571    0.935889    0.158619     -2.75434    14.58444    INPUT    Perc_hrs_comp_fall
 
 
Data Role=TRAIN Variable=SAT
 
             Target                                 Non                                        Standard
Target       Level       Median     Missing     Missing     Minimum     Maximum        Mean    Deviation    Skewness    Kurtosis    Role     Label
 
Target         0           1180           0        2292         750        1600    1185.506    130.8768     0.166344    -0.18784    INPUT     SAT
Target         1           1120           0         334         760        1490    1128.952    137.6545     0.257302    -0.15541    INPUT     SAT
_OVERALL_                  1180           0        2626         750        1600    1178.313    133.0724     0.153506    -0.18797    INPUT     SAT
 
 
 
Chi-Square Statistics
(maximum 500 observations printed)
 
Data Role=TRAIN Target=Target
 
Input             Chi-Square    Df      Prob
 
Transcrip            97.2911     1    <.0001
Dropped_course       44.8169     5    <.0001
Legacynum            24.3790     1    <.0001
GENDER                1.2159     1    0.2702
Stu_worker_ind        1.1447     1    0.2847
Instate               0.2700     1    0.6033


*------------------------------------------------------------*
* Score Output
*------------------------------------------------------------*


*------------------------------------------------------------*
* Report Output
*------------------------------------------------------------*
