*------------------------------------------------------------*
User:                u59397328
Date:                February 26, 2022
Time:                22:37:59
*------------------------------------------------------------*
* Training Output
*------------------------------------------------------------*
 
 
 
 
Variable Summary
 
          Measurement    Frequency
Role         Level         Count
 
ID         INTERVAL          1
INPUT      INTERVAL          4
TARGET     NOMINAL           1
 
 
 
 
Model Events
 
                                            Number
                             Measurement      of
Target         Event            Level       Levels      Order       Label
 
species    IRIS-VIRGINICA      NOMINAL         3      Descending
 
 
 
 
Predicted and decision variables
 
Type         Variable                    Label
 
TARGET       species
PREDICTED    P_speciesIris_virginica     Predicted: species=Iris-virginica
RESIDUAL     R_speciesIris_virginica     Residual: species=Iris-virginica
PREDICTED    P_speciesIris_versicolor    Predicted: species=Iris-versicolor
RESIDUAL     R_speciesIris_versicolor    Residual: species=Iris-versicolor
PREDICTED    P_speciesIris_setosa        Predicted: species=Iris-setosa
RESIDUAL     R_speciesIris_setosa        Residual: species=Iris-setosa
FROM         F_species                   From: species
INTO         I_species                   Into: species


*------------------------------------------------------------*
* Score Output
*------------------------------------------------------------*


*------------------------------------------------------------*
* Report Output
*------------------------------------------------------------*
 
 
 
Variable Importance
 
                                                                                  Ratio of
                        Number of                                               Validation
 Variable               Splitting                            Validation        to Training
   Name        Label      Rules           Importance         Importance         Importance
 
petal_width                 2                 1.0000             1.0000             1.0000
 
 
 
Tree Leaf Report
 
                                    Training                         Validation
Node               Training          Percent        Validation         Percent
 Id     Depth    Observations    IRIS-VIRGINICA    Observations    IRIS-VIRGINICA
 
  4       2           21               0.1              19              0.05
  2       1           20               0.0              19              0.00
  5       2           18               1.0              21              0.90
 
 
 
 
Fit Statistics
 
Target=species Target Label=' '
 
   Fit
Statistics    Statistics Label                Train    Validation      Test
 
  _NOBS_      Sum of Frequencies             59.000       59.000     32.0000
  _MISC_      Misclassification Rate          0.034        0.051      0.0313
  _MAX_       Maximum Absolute Error          0.905        1.000      0.9048
  _SSE_       Sum of Squared Errors           3.619        5.964      1.8367
  _ASE_       Average Squared Error           0.020        0.034      0.0191
  _RASE_      Root Average Squared Error      0.143        0.184      0.1383
  _DIV_       Divisor for ASE               177.000      177.000     96.0000
  _DFT_       Total Degrees of Freedom      118.000         .          .
 
 
 
 
Classification Table
 
Data Role=TRAIN Target Variable=species Target Label=' '
 
                                        Target        Outcome     Frequency       Total
    Target             Outcome        Percentage    Percentage      Count      Percentage
 
IRIS-SETOSA        IRIS-SETOSA          100.000         100           20         33.8983
IRIS-VERSICOLOR    IRIS-VERSICOLOR       90.476         100           19         32.2034
IRIS-VIRGINICA     IRIS-VERSICOLOR        9.524          10            2          3.3898
IRIS-VIRGINICA     IRIS-VIRGINICA       100.000          90           18         30.5085
 
 
Data Role=VALIDATE Target Variable=species Target Label=' '
 
                                        Target        Outcome     Frequency       Total
    Target             Outcome        Percentage    Percentage      Count      Percentage
 
IRIS-SETOSA        IRIS-SETOSA          100.000         100           19         32.2034
IRIS-VERSICOLOR    IRIS-VERSICOLOR       94.737          90           18         30.5085
IRIS-VIRGINICA     IRIS-VERSICOLOR        5.263           5            1          1.6949
IRIS-VERSICOLOR    IRIS-VIRGINICA         9.524          10            2          3.3898
IRIS-VIRGINICA     IRIS-VIRGINICA        90.476          95           19         32.2034
 
 
 
 
Event Classification Table
 
Data Role=TRAIN Target=species Target Label=' '
 
  False       True        False       True
Negative    Negative    Positive    Positive
 
    2          39           .          18
 
 
Data Role=VALIDATE Target=species Target Label=' '
 
  False       True        False       True
Negative    Negative    Positive    Positive
 
    1          37           2          19
 
 
 
 
Assessment Score Rankings
 
Data Role=TRAIN Target Variable=species Target Label=' '
 
                                                                                           Mean
                               Cumulative        %       Cumulative      Number of      Posterior
Depth       Gain      Lift        Lift       Response    % Response    Observations    Probability
 
   5     195.000    2.95000      2.95000      100.000      100.000           3           1.00000
  10     195.000    2.95000      2.95000      100.000      100.000           3           1.00000
  15     195.000    2.95000      2.95000      100.000      100.000           3           1.00000
  20     195.000    2.95000      2.95000      100.000      100.000           3           1.00000
  25     195.000    2.95000      2.95000      100.000      100.000           3           1.00000
  30     195.000    2.95000      2.95000      100.000      100.000           3           1.00000
  35     156.871    0.28095      2.56871        9.524       87.075           3           0.09524
  40     128.274    0.28095      2.28274        9.524       77.381           3           0.09524
  45     106.032    0.28095      2.06032        9.524       69.841           3           0.09524
  50      88.238    0.28095      1.88238        9.524       63.810           3           0.09524
  55      73.680    0.28095      1.73680        9.524       58.874           3           0.09524
  60      61.548    0.28095      1.61548        9.524       54.762           3           0.09524
  65      51.282    0.28095      1.51282        9.524       51.282           3           0.09524
  70      40.476    0.00000      1.40476        0.000       47.619           3           0.00000
  75      31.111    0.00000      1.31111        0.000       44.444           3           0.00000
  80      22.917    0.00000      1.22917        0.000       41.667           3           0.00000
  85      15.686    0.00000      1.15686        0.000       39.216           3           0.00000
  90       9.259    0.00000      1.09259        0.000       37.037           3           0.00000
  95       3.509    0.00000      1.03509        0.000       35.088           3           0.00000
 100       0.000    0.00000      1.00000        0.000       33.898           2           0.00000
 
 
Data Role=VALIDATE Target Variable=species Target Label=' '
 
                                                                                           Mean
                               Cumulative        %       Cumulative      Number of      Posterior
Depth       Gain      Lift        Lift       Response    % Response    Observations    Probability
 
   5     166.905    2.66905      2.66905      90.4762      90.4762           3           1.00000
  10     166.905    2.66905      2.66905      90.4762      90.4762           3           1.00000
  15     166.905    2.66905      2.66905      90.4762      90.4762           3           1.00000
  20     166.905    2.66905      2.66905      90.4762      90.4762           3           1.00000
  25     166.905    2.66905      2.66905      90.4762      90.4762           3           1.00000
  30     166.905    2.66905      2.66905      90.4762      90.4762           3           1.00000
  35     166.905    2.66905      2.66905      90.4762      90.4762           3           1.00000
  40     135.482    0.15526      2.35482       5.2632      79.8246           3           0.09524
  45     111.043    0.15526      2.11043       5.2632      71.5400           3           0.09524
  50      91.491    0.15526      1.91491       5.2632      64.9123           3           0.09524
  55      75.494    0.15526      1.75494       5.2632      59.4896           3           0.09524
  60      62.164    0.15526      1.62164       5.2632      54.9708           3           0.09524
  65      50.884    0.15526      1.50884       5.2632      51.1471           3           0.09524
  70      40.476    0.05175      1.40476       1.7544      47.6190           3           0.03175
  75      31.111    0.00000      1.31111       0.0000      44.4444           3           0.00000
  80      22.917    0.00000      1.22917       0.0000      41.6667           3           0.00000
  85      15.686    0.00000      1.15686       0.0000      39.2157           3           0.00000
  90       9.259    0.00000      1.09259       0.0000      37.0370           3           0.00000
  95       3.509    0.00000      1.03509       0.0000      35.0877           3           0.00000
 100       0.000    0.00000      1.00000       0.0000      33.8983           2           0.00000
 
 
 
 
Assessment Score Distribution
 
Data Role=TRAIN Target Variable=species Target Label=' '
 
 Posterior     Number                     Mean
Probability      of      Number of     Posterior
   Range       Events    Nonevents    Probability    Percentage
 
 0.95-1.00       18           0         1.00000        30.5085
 0.05-0.10        2          19         0.09524        35.5932
 0.00-0.05        0          20         0.00000        33.8983
 
 
Data Role=VALIDATE Target Variable=species Target Label=' '
 
 Posterior     Number                     Mean
Probability      of      Number of     Posterior
   Range       Events    Nonevents    Probability    Percentage
 
 0.95-1.00       19           2         1.00000        35.5932
 0.05-0.10        1          18         0.09524        32.2034
 0.00-0.05        0          19         0.00000        32.2034
